Running on node062.hyperion2.csg.alces.network with 16 CPUs
Fitting 5 folds for each of 25 candidates, totalling 125 fits
[CV] END .........................svc__C=1, svc__gamma=0.005; total time=   5.0s
[CV] END ..........................svc__C=5, svc__gamma=0.01; total time=   2.9s
[CV] END ..........................svc__C=5, svc__gamma=0.05; total time=   2.5s
[CV] END .........................svc__C=10, svc__gamma=0.02; total time=   2.4s
[CV] END ..........................svc__C=10, svc__gamma=0.1; total time=   3.1s
[CV] END .........................svc__C=50, svc__gamma=0.05; total time=   2.5s
[CV] END ........................svc__C=100, svc__gamma=0.01; total time=   2.5s
[CV] END .........................svc__C=1, svc__gamma=0.005; total time=   4.7s
[CV] END .........................svc__C=5, svc__gamma=0.005; total time=   3.3s
[CV] END ...........................svc__C=5, svc__gamma=0.1; total time=   3.0s
[CV] END .........................svc__C=10, svc__gamma=0.02; total time=   2.5s
[CV] END ........................svc__C=50, svc__gamma=0.005; total time=   2.6s
[CV] END .........................svc__C=50, svc__gamma=0.05; total time=   2.5s
[CV] END ........................svc__C=100, svc__gamma=0.01; total time=   2.4s
[CV] END .........................svc__C=1, svc__gamma=0.005; total time=   4.8s
[CV] END .........................svc__C=5, svc__gamma=0.005; total time=   3.3s
[CV] END ...........................svc__C=5, svc__gamma=0.1; total time=   3.0s
[CV] END .........................svc__C=10, svc__gamma=0.02; total time=   2.5s
[CV] END ........................svc__C=50, svc__gamma=0.005; total time=   2.6s
[CV] END ..........................svc__C=50, svc__gamma=0.1; total time=   3.1s
[CV] END ........................svc__C=100, svc__gamma=0.02; total time=   2.4s
[CV] END ..........................svc__C=1, svc__gamma=0.02; total time=   3.5s
[CV] END ...........................svc__C=1, svc__gamma=0.1; total time=   3.3s
[CV] END ..........................svc__C=5, svc__gamma=0.02; total time=   2.5s
[CV] END ........................svc__C=10, svc__gamma=0.005; total time=   2.9s
[CV] END .........................svc__C=10, svc__gamma=0.05; total time=   2.5s
[CV] END .........................svc__C=50, svc__gamma=0.01; total time=   2.4s
[CV] END .......................svc__C=100, svc__gamma=0.005; total time=   2.6s
[CV] END ........................svc__C=100, svc__gamma=0.02; total time=   2.4s
[CV] END ..........................svc__C=1, svc__gamma=0.02; total time=   3.5s
[CV] END ...........................svc__C=1, svc__gamma=0.1; total time=   3.3s
[CV] END ..........................svc__C=5, svc__gamma=0.02; total time=   2.6s
[CV] END ........................svc__C=10, svc__gamma=0.005; total time=   2.9s
[CV] END .........................svc__C=10, svc__gamma=0.05; total time=   2.5s
[CV] END .........................svc__C=50, svc__gamma=0.02; total time=   2.4s
[CV] END .......................svc__C=100, svc__gamma=0.005; total time=   2.6s
[CV] END ........................svc__C=100, svc__gamma=0.02; total time=   2.4s
[CV] END ..........................svc__C=1, svc__gamma=0.02; total time=   3.4s
[CV] END ..........................svc__C=1, svc__gamma=0.05; total time=   3.1s
[CV] END ..........................svc__C=5, svc__gamma=0.02; total time=   2.6s
[CV] END ...........................svc__C=5, svc__gamma=0.1; total time=   3.0s
[CV] END .........................svc__C=10, svc__gamma=0.05; total time=   2.5s
[CV] END .........................svc__C=50, svc__gamma=0.01; total time=   2.4s
[CV] END ..........................svc__C=50, svc__gamma=0.1; total time=   3.0s
[CV] END ........................svc__C=100, svc__gamma=0.02; total time=   2.3s
[CV] END ..........................svc__C=1, svc__gamma=0.02; total time=   3.4s
[CV] END ..........................svc__C=1, svc__gamma=0.05; total time=   3.1s
[CV] END ..........................svc__C=5, svc__gamma=0.01; total time=   2.8s
[CV] END ........................svc__C=10, svc__gamma=0.005; total time=   2.9s
[CV] END .........................svc__C=10, svc__gamma=0.05; total time=   2.5s
[CV] END .........................svc__C=50, svc__gamma=0.01; total time=   2.4s
[CV] END ..........................svc__C=50, svc__gamma=0.1; total time=   3.0s
[CV] END ........................svc__C=100, svc__gamma=0.05; total time=   2.5s
[CV] END ..........................svc__C=1, svc__gamma=0.02; total time=   3.5s
[CV] END ..........................svc__C=1, svc__gamma=0.05; total time=   3.0s
[CV] END ..........................svc__C=5, svc__gamma=0.01; total time=   2.8s
[CV] END ........................svc__C=10, svc__gamma=0.005; total time=   2.9s
[CV] END .........................svc__C=10, svc__gamma=0.05; total time=   2.5s
[CV] END .........................svc__C=50, svc__gamma=0.01; total time=   2.6s
[CV] END ..........................svc__C=50, svc__gamma=0.1; total time=   3.0s
[CV] END ........................svc__C=100, svc__gamma=0.05; total time=   2.5s
[CV] END ..........................svc__C=1, svc__gamma=0.05; total time=   3.0s
[CV] END ..........................svc__C=1, svc__gamma=0.05; total time=   3.2s
[CV] END ..........................svc__C=5, svc__gamma=0.01; total time=   2.9s
[CV] END ...........................svc__C=5, svc__gamma=0.1; total time=   3.0s
[CV] END .........................svc__C=10, svc__gamma=0.02; total time=   2.5s
[CV] END .........................svc__C=50, svc__gamma=0.01; total time=   2.5s
[CV] END ..........................svc__C=50, svc__gamma=0.1; total time=   3.1s
[CV] END ........................svc__C=100, svc__gamma=0.05; total time=   2.6s
[CV] END .........................svc__C=1, svc__gamma=0.005; total time=   4.9s
[CV] END ..........................svc__C=5, svc__gamma=0.01; total time=   2.8s
[CV] END ..........................svc__C=5, svc__gamma=0.05; total time=   2.5s
[CV] END .........................svc__C=10, svc__gamma=0.01; total time=   2.6s
[CV] END ........................svc__C=50, svc__gamma=0.005; total time=   2.6s
[CV] END .........................svc__C=50, svc__gamma=0.02; total time=   2.4s
[CV] END .......................svc__C=100, svc__gamma=0.005; total time=   2.6s
[CV] END ........................svc__C=100, svc__gamma=0.05; total time=   2.5s
[CV] END ..........................svc__C=1, svc__gamma=0.01; total time=   4.0s
[CV] END ...........................svc__C=1, svc__gamma=0.1; total time=   3.3s
[CV] END ..........................svc__C=5, svc__gamma=0.02; total time=   2.6s
[CV] END ........................svc__C=10, svc__gamma=0.005; total time=   2.9s
[CV] END ........................svc__C=50, svc__gamma=0.005; total time=   2.6s
[CV] END .........................svc__C=50, svc__gamma=0.02; total time=   2.4s
[CV] END .......................svc__C=100, svc__gamma=0.005; total time=   2.6s
[CV] END ........................svc__C=100, svc__gamma=0.05; total time=   2.5s
[CV] END ..........................svc__C=1, svc__gamma=0.01; total time=   4.1s
[CV] END ...........................svc__C=1, svc__gamma=0.1; total time=   3.3s
[CV] END ..........................svc__C=5, svc__gamma=0.02; total time=   2.6s
[CV] END .........................svc__C=10, svc__gamma=0.01; total time=   2.6s
[CV] END ..........................svc__C=10, svc__gamma=0.1; total time=   3.0s
[CV] END .........................svc__C=50, svc__gamma=0.02; total time=   2.3s
[CV] END ........................svc__C=100, svc__gamma=0.01; total time=   2.5s
[CV] END .........................svc__C=100, svc__gamma=0.1; total time=   3.0s
[CV] END ..........................svc__C=1, svc__gamma=0.01; total time=   4.2s
[CV] END ...........................svc__C=1, svc__gamma=0.1; total time=   3.3s
[CV] END ..........................svc__C=5, svc__gamma=0.05; total time=   2.5s
[CV] END .........................svc__C=10, svc__gamma=0.01; total time=   2.6s
[CV] END ..........................svc__C=10, svc__gamma=0.1; total time=   3.0s
[CV] END .........................svc__C=50, svc__gamma=0.02; total time=   2.4s
[CV] END .......................svc__C=100, svc__gamma=0.005; total time=   2.6s
[CV] END .........................svc__C=100, svc__gamma=0.1; total time=   3.1s
[CV] END ..........................svc__C=1, svc__gamma=0.01; total time=   4.2s
[CV] END .........................svc__C=5, svc__gamma=0.005; total time=   3.3s
[CV] END ..........................svc__C=5, svc__gamma=0.05; total time=   2.6s
[CV] END .........................svc__C=10, svc__gamma=0.01; total time=   2.7s
[CV] END ..........................svc__C=10, svc__gamma=0.1; total time=   3.1s
[CV] END .........................svc__C=50, svc__gamma=0.05; total time=   2.5s
[CV] END ........................svc__C=100, svc__gamma=0.01; total time=   2.5s
[CV] END .........................svc__C=100, svc__gamma=0.1; total time=   3.0s
[CV] END ..........................svc__C=1, svc__gamma=0.01; total time=   4.2s
[CV] END .........................svc__C=5, svc__gamma=0.005; total time=   3.3s
[CV] END ..........................svc__C=5, svc__gamma=0.05; total time=   2.6s
[CV] END .........................svc__C=10, svc__gamma=0.01; total time=   2.6s
[CV] END ..........................svc__C=10, svc__gamma=0.1; total time=   3.1s
[CV] END .........................svc__C=50, svc__gamma=0.05; total time=   2.5s
[CV] END ........................svc__C=100, svc__gamma=0.01; total time=   2.5s
[CV] END .........................svc__C=100, svc__gamma=0.1; total time=   3.1s
[CV] END .........................svc__C=1, svc__gamma=0.005; total time=   4.8s
[CV] END .........................svc__C=5, svc__gamma=0.005; total time=   3.3s
[CV] END ...........................svc__C=5, svc__gamma=0.1; total time=   3.0s
[CV] END .........................svc__C=10, svc__gamma=0.02; total time=   2.4s
[CV] END ........................svc__C=50, svc__gamma=0.005; total time=   2.6s
[CV] END .........................svc__C=50, svc__gamma=0.05; total time=   2.5s
[CV] END ........................svc__C=100, svc__gamma=0.02; total time=   2.3s
[CV] END .........................svc__C=100, svc__gamma=0.1; total time=   3.0s
