2026-04-15 05:30:58 | mlp | INFO | Log file: /users/adhp457/neco-letter-recognition/outputs/logs/mlp_20260415_053058.log
2026-04-15 05:30:58 | mlp | INFO | Using device: cuda
2026-04-15 05:30:59 | mlp | INFO | Starting training: epochs=150 batch_size=64 lr=0.001
2026-04-15 05:31:00 | mlp | INFO | Epoch   1 | train_loss=2.3363 acc=0.3286 | val_loss=1.3136 acc=0.6400
2026-04-15 05:31:00 | mlp | INFO | Epoch   2 | train_loss=1.3695 acc=0.5810 | val_loss=0.9307 acc=0.7444
2026-04-15 05:31:01 | mlp | INFO | Epoch   3 | train_loss=1.0952 acc=0.6636 | val_loss=0.7585 acc=0.7781
2026-04-15 05:31:01 | mlp | INFO | Epoch   4 | train_loss=0.9450 acc=0.7072 | val_loss=0.6575 acc=0.8119
2026-04-15 05:31:02 | mlp | INFO | Epoch   5 | train_loss=0.8503 acc=0.7322 | val_loss=0.5971 acc=0.8306
2026-04-15 05:31:02 | mlp | INFO | Epoch   6 | train_loss=0.7674 acc=0.7589 | val_loss=0.5502 acc=0.8400
2026-04-15 05:31:03 | mlp | INFO | Epoch   7 | train_loss=0.7119 acc=0.7722 | val_loss=0.5059 acc=0.8562
2026-04-15 05:31:03 | mlp | INFO | Epoch   8 | train_loss=0.6600 acc=0.7890 | val_loss=0.4746 acc=0.8656
2026-04-15 05:31:04 | mlp | INFO | Epoch   9 | train_loss=0.6353 acc=0.7977 | val_loss=0.4404 acc=0.8819
2026-04-15 05:31:04 | mlp | INFO | Epoch  10 | train_loss=0.5969 acc=0.8064 | val_loss=0.4255 acc=0.8769
2026-04-15 05:31:05 | mlp | INFO | Epoch  11 | train_loss=0.5710 acc=0.8198 | val_loss=0.4046 acc=0.8812
2026-04-15 05:31:05 | mlp | INFO | Epoch  12 | train_loss=0.5450 acc=0.8250 | val_loss=0.3826 acc=0.8912
2026-04-15 05:31:06 | mlp | INFO | Epoch  13 | train_loss=0.5231 acc=0.8283 | val_loss=0.3621 acc=0.8981
2026-04-15 05:31:07 | mlp | INFO | Epoch  14 | train_loss=0.5058 acc=0.8353 | val_loss=0.3450 acc=0.9025
2026-04-15 05:31:07 | mlp | INFO | Epoch  15 | train_loss=0.4972 acc=0.8379 | val_loss=0.3377 acc=0.9044
2026-04-15 05:31:08 | mlp | INFO | Epoch  16 | train_loss=0.4804 acc=0.8462 | val_loss=0.3232 acc=0.9087
2026-04-15 05:31:08 | mlp | INFO | Epoch  17 | train_loss=0.4609 acc=0.8512 | val_loss=0.3099 acc=0.9106
2026-04-15 05:31:09 | mlp | INFO | Epoch  18 | train_loss=0.4501 acc=0.8549 | val_loss=0.2997 acc=0.9163
2026-04-15 05:31:09 | mlp | INFO | Epoch  19 | train_loss=0.4346 acc=0.8556 | val_loss=0.2900 acc=0.9131
2026-04-15 05:31:10 | mlp | INFO | Epoch  20 | train_loss=0.4373 acc=0.8564 | val_loss=0.2888 acc=0.9163
2026-04-15 05:31:10 | mlp | INFO | Epoch  21 | train_loss=0.4231 acc=0.8648 | val_loss=0.2816 acc=0.9163
2026-04-15 05:31:11 | mlp | INFO | Epoch  22 | train_loss=0.4121 acc=0.8633 | val_loss=0.2727 acc=0.9219
2026-04-15 05:31:11 | mlp | INFO | Epoch  23 | train_loss=0.4038 acc=0.8662 | val_loss=0.2633 acc=0.9200
2026-04-15 05:31:12 | mlp | INFO | Epoch  24 | train_loss=0.3956 acc=0.8683 | val_loss=0.2613 acc=0.9181
2026-04-15 05:31:13 | mlp | INFO | Epoch  25 | train_loss=0.3970 acc=0.8714 | val_loss=0.2526 acc=0.9206
2026-04-15 05:31:13 | mlp | INFO | Epoch  26 | train_loss=0.3790 acc=0.8757 | val_loss=0.2539 acc=0.9244
2026-04-15 05:31:14 | mlp | INFO | Epoch  27 | train_loss=0.3795 acc=0.8768 | val_loss=0.2492 acc=0.9237
2026-04-15 05:31:14 | mlp | INFO | Epoch  28 | train_loss=0.3719 acc=0.8783 | val_loss=0.2444 acc=0.9263
2026-04-15 05:31:15 | mlp | INFO | Epoch  29 | train_loss=0.3640 acc=0.8772 | val_loss=0.2396 acc=0.9294
2026-04-15 05:31:15 | mlp | INFO | Epoch  30 | train_loss=0.3631 acc=0.8808 | val_loss=0.2334 acc=0.9313
2026-04-15 05:31:16 | mlp | INFO | Epoch  31 | train_loss=0.3569 acc=0.8843 | val_loss=0.2337 acc=0.9269
2026-04-15 05:31:16 | mlp | INFO | Epoch  32 | train_loss=0.3476 acc=0.8853 | val_loss=0.2249 acc=0.9331
2026-04-15 05:31:17 | mlp | INFO | Epoch  33 | train_loss=0.3474 acc=0.8826 | val_loss=0.2230 acc=0.9300
2026-04-15 05:31:17 | mlp | INFO | Epoch  34 | train_loss=0.3307 acc=0.8906 | val_loss=0.2176 acc=0.9275
2026-04-15 05:31:18 | mlp | INFO | Epoch  35 | train_loss=0.3351 acc=0.8885 | val_loss=0.2156 acc=0.9337
2026-04-15 05:31:18 | mlp | INFO | Epoch  36 | train_loss=0.3294 acc=0.8917 | val_loss=0.2159 acc=0.9369
2026-04-15 05:31:19 | mlp | INFO | Epoch  37 | train_loss=0.3274 acc=0.8931 | val_loss=0.2088 acc=0.9294
2026-04-15 05:31:20 | mlp | INFO | Epoch  38 | train_loss=0.3289 acc=0.8908 | val_loss=0.2037 acc=0.9337
2026-04-15 05:31:20 | mlp | INFO | Epoch  39 | train_loss=0.3151 acc=0.8969 | val_loss=0.2027 acc=0.9375
2026-04-15 05:31:21 | mlp | INFO | Epoch  40 | train_loss=0.3162 acc=0.8928 | val_loss=0.2003 acc=0.9363
2026-04-15 05:31:21 | mlp | INFO | Epoch  41 | train_loss=0.3060 acc=0.8999 | val_loss=0.1999 acc=0.9350
2026-04-15 05:31:22 | mlp | INFO | Epoch  42 | train_loss=0.3074 acc=0.9017 | val_loss=0.1926 acc=0.9406
2026-04-15 05:31:22 | mlp | INFO | Epoch  43 | train_loss=0.3151 acc=0.8954 | val_loss=0.1923 acc=0.9394
2026-04-15 05:31:23 | mlp | INFO | Epoch  44 | train_loss=0.3063 acc=0.8976 | val_loss=0.1920 acc=0.9387
2026-04-15 05:31:23 | mlp | INFO | Epoch  45 | train_loss=0.2997 acc=0.8996 | val_loss=0.1906 acc=0.9381
2026-04-15 05:31:24 | mlp | INFO | Epoch  46 | train_loss=0.2978 acc=0.8996 | val_loss=0.1918 acc=0.9387
2026-04-15 05:31:24 | mlp | INFO | Epoch  47 | train_loss=0.2973 acc=0.9019 | val_loss=0.1837 acc=0.9406
2026-04-15 05:31:25 | mlp | INFO | Epoch  48 | train_loss=0.2889 acc=0.9035 | val_loss=0.1846 acc=0.9425
2026-04-15 05:31:25 | mlp | INFO | Epoch  49 | train_loss=0.2890 acc=0.9028 | val_loss=0.1849 acc=0.9444
2026-04-15 05:31:26 | mlp | INFO | Epoch  50 | train_loss=0.2792 acc=0.9043 | val_loss=0.1812 acc=0.9444
2026-04-15 05:31:27 | mlp | INFO | Epoch  51 | train_loss=0.2845 acc=0.9036 | val_loss=0.1774 acc=0.9437
2026-04-15 05:31:27 | mlp | INFO | Epoch  52 | train_loss=0.2889 acc=0.9038 | val_loss=0.1818 acc=0.9425
2026-04-15 05:31:28 | mlp | INFO | Epoch  53 | train_loss=0.2786 acc=0.9072 | val_loss=0.1751 acc=0.9481
2026-04-15 05:31:28 | mlp | INFO | Epoch  54 | train_loss=0.2741 acc=0.9071 | val_loss=0.1770 acc=0.9413
2026-04-15 05:31:29 | mlp | INFO | Epoch  55 | train_loss=0.2820 acc=0.9071 | val_loss=0.1735 acc=0.9444
2026-04-15 05:31:29 | mlp | INFO | Epoch  56 | train_loss=0.2776 acc=0.9064 | val_loss=0.1729 acc=0.9450
2026-04-15 05:31:30 | mlp | INFO | Epoch  57 | train_loss=0.2719 acc=0.9094 | val_loss=0.1766 acc=0.9456
2026-04-15 05:31:30 | mlp | INFO | Epoch  58 | train_loss=0.2671 acc=0.9088 | val_loss=0.1742 acc=0.9413
2026-04-15 05:31:31 | mlp | INFO | Epoch  59 | train_loss=0.2651 acc=0.9135 | val_loss=0.1699 acc=0.9431
2026-04-15 05:31:31 | mlp | INFO | Epoch  60 | train_loss=0.2656 acc=0.9110 | val_loss=0.1721 acc=0.9469
2026-04-15 05:31:32 | mlp | INFO | Epoch  61 | train_loss=0.2628 acc=0.9123 | val_loss=0.1701 acc=0.9444
2026-04-15 05:31:32 | mlp | INFO | Epoch  62 | train_loss=0.2621 acc=0.9134 | val_loss=0.1670 acc=0.9475
2026-04-15 05:31:33 | mlp | INFO | Epoch  63 | train_loss=0.2573 acc=0.9166 | val_loss=0.1640 acc=0.9487
2026-04-15 05:31:34 | mlp | INFO | Epoch  64 | train_loss=0.2607 acc=0.9128 | val_loss=0.1633 acc=0.9513
2026-04-15 05:31:34 | mlp | INFO | Epoch  65 | train_loss=0.2578 acc=0.9152 | val_loss=0.1643 acc=0.9475
2026-04-15 05:31:35 | mlp | INFO | Epoch  66 | train_loss=0.2666 acc=0.9131 | val_loss=0.1617 acc=0.9463
2026-04-15 05:31:35 | mlp | INFO | Epoch  67 | train_loss=0.2515 acc=0.9146 | val_loss=0.1592 acc=0.9494
2026-04-15 05:31:36 | mlp | INFO | Epoch  68 | train_loss=0.2569 acc=0.9126 | val_loss=0.1610 acc=0.9513
2026-04-15 05:31:36 | mlp | INFO | Epoch  69 | train_loss=0.2518 acc=0.9138 | val_loss=0.1674 acc=0.9450
2026-04-15 05:31:37 | mlp | INFO | Epoch  70 | train_loss=0.2609 acc=0.9119 | val_loss=0.1647 acc=0.9481
2026-04-15 05:31:37 | mlp | INFO | Epoch  71 | train_loss=0.2483 acc=0.9180 | val_loss=0.1638 acc=0.9500
2026-04-15 05:31:38 | mlp | INFO | Epoch  72 | train_loss=0.2426 acc=0.9174 | val_loss=0.1538 acc=0.9494
2026-04-15 05:31:38 | mlp | INFO | Epoch  73 | train_loss=0.2463 acc=0.9161 | val_loss=0.1512 acc=0.9544
2026-04-15 05:31:39 | mlp | INFO | Epoch  74 | train_loss=0.2478 acc=0.9169 | val_loss=0.1588 acc=0.9506
2026-04-15 05:31:39 | mlp | INFO | Epoch  75 | train_loss=0.2450 acc=0.9158 | val_loss=0.1565 acc=0.9463
2026-04-15 05:31:40 | mlp | INFO | Epoch  76 | train_loss=0.2447 acc=0.9167 | val_loss=0.1512 acc=0.9550
2026-04-15 05:31:41 | mlp | INFO | Epoch  77 | train_loss=0.2408 acc=0.9183 | val_loss=0.1509 acc=0.9531
2026-04-15 05:31:41 | mlp | INFO | Epoch  78 | train_loss=0.2400 acc=0.9174 | val_loss=0.1467 acc=0.9525
2026-04-15 05:31:42 | mlp | INFO | Epoch  79 | train_loss=0.2417 acc=0.9156 | val_loss=0.1503 acc=0.9525
2026-04-15 05:31:42 | mlp | INFO | Epoch  80 | train_loss=0.2412 acc=0.9174 | val_loss=0.1481 acc=0.9525
2026-04-15 05:31:43 | mlp | INFO | Epoch  81 | train_loss=0.2337 acc=0.9199 | val_loss=0.1483 acc=0.9494
2026-04-15 05:31:43 | mlp | INFO | Epoch  82 | train_loss=0.2330 acc=0.9216 | val_loss=0.1503 acc=0.9550
2026-04-15 05:31:44 | mlp | INFO | Epoch  83 | train_loss=0.2382 acc=0.9188 | val_loss=0.1489 acc=0.9500
2026-04-15 05:31:44 | mlp | INFO | Epoch  84 | train_loss=0.2382 acc=0.9182 | val_loss=0.1461 acc=0.9563
2026-04-15 05:31:45 | mlp | INFO | Epoch  85 | train_loss=0.2325 acc=0.9207 | val_loss=0.1498 acc=0.9506
2026-04-15 05:31:45 | mlp | INFO | Epoch  86 | train_loss=0.2340 acc=0.9222 | val_loss=0.1487 acc=0.9500
2026-04-15 05:31:46 | mlp | INFO | Epoch  87 | train_loss=0.2281 acc=0.9224 | val_loss=0.1456 acc=0.9494
2026-04-15 05:31:46 | mlp | INFO | Epoch  88 | train_loss=0.2240 acc=0.9251 | val_loss=0.1446 acc=0.9556
2026-04-15 05:31:47 | mlp | INFO | Epoch  89 | train_loss=0.2301 acc=0.9218 | val_loss=0.1450 acc=0.9544
2026-04-15 05:31:48 | mlp | INFO | Epoch  90 | train_loss=0.2305 acc=0.9238 | val_loss=0.1483 acc=0.9525
2026-04-15 05:31:48 | mlp | INFO | Epoch  91 | train_loss=0.2281 acc=0.9207 | val_loss=0.1455 acc=0.9563
2026-04-15 05:31:49 | mlp | INFO | Epoch  92 | train_loss=0.2226 acc=0.9228 | val_loss=0.1487 acc=0.9525
2026-04-15 05:31:49 | mlp | INFO | Epoch  93 | train_loss=0.2189 acc=0.9256 | val_loss=0.1482 acc=0.9581
2026-04-15 05:31:50 | mlp | INFO | Epoch  94 | train_loss=0.2312 acc=0.9206 | val_loss=0.1430 acc=0.9569
2026-04-15 05:31:50 | mlp | INFO | Epoch  95 | train_loss=0.2167 acc=0.9252 | val_loss=0.1411 acc=0.9550
2026-04-15 05:31:51 | mlp | INFO | Epoch  96 | train_loss=0.2269 acc=0.9247 | val_loss=0.1417 acc=0.9563
2026-04-15 05:31:51 | mlp | INFO | Epoch  97 | train_loss=0.2204 acc=0.9253 | val_loss=0.1383 acc=0.9563
2026-04-15 05:31:52 | mlp | INFO | Epoch  98 | train_loss=0.2187 acc=0.9267 | val_loss=0.1380 acc=0.9556
2026-04-15 05:31:52 | mlp | INFO | Epoch  99 | train_loss=0.2195 acc=0.9246 | val_loss=0.1423 acc=0.9525
2026-04-15 05:31:53 | mlp | INFO | Epoch 100 | train_loss=0.2219 acc=0.9250 | val_loss=0.1420 acc=0.9550
2026-04-15 05:31:54 | mlp | INFO | Epoch 101 | train_loss=0.2226 acc=0.9258 | val_loss=0.1405 acc=0.9544
2026-04-15 05:31:54 | mlp | INFO | Epoch 102 | train_loss=0.2204 acc=0.9240 | val_loss=0.1419 acc=0.9525
2026-04-15 05:31:55 | mlp | INFO | Epoch 103 | train_loss=0.2187 acc=0.9246 | val_loss=0.1377 acc=0.9525
2026-04-15 05:31:55 | mlp | INFO | Epoch 104 | train_loss=0.2145 acc=0.9274 | val_loss=0.1381 acc=0.9525
2026-04-15 05:31:56 | mlp | INFO | Epoch 105 | train_loss=0.2131 acc=0.9265 | val_loss=0.1401 acc=0.9550
2026-04-15 05:31:56 | mlp | INFO | Epoch 106 | train_loss=0.2144 acc=0.9285 | val_loss=0.1383 acc=0.9544
2026-04-15 05:31:57 | mlp | INFO | Epoch 107 | train_loss=0.2108 acc=0.9290 | val_loss=0.1337 acc=0.9575
2026-04-15 05:31:57 | mlp | INFO | Epoch 108 | train_loss=0.2112 acc=0.9301 | val_loss=0.1403 acc=0.9550
2026-04-15 05:31:58 | mlp | INFO | Epoch 109 | train_loss=0.2122 acc=0.9289 | val_loss=0.1397 acc=0.9550
2026-04-15 05:31:58 | mlp | INFO | Epoch 110 | train_loss=0.2127 acc=0.9295 | val_loss=0.1399 acc=0.9556
2026-04-15 05:31:59 | mlp | INFO | Epoch 111 | train_loss=0.2121 acc=0.9267 | val_loss=0.1386 acc=0.9594
2026-04-15 05:31:59 | mlp | INFO | Epoch 112 | train_loss=0.2114 acc=0.9292 | val_loss=0.1358 acc=0.9544
2026-04-15 05:32:00 | mlp | INFO | Epoch 113 | train_loss=0.2092 acc=0.9274 | val_loss=0.1373 acc=0.9575
2026-04-15 05:32:01 | mlp | INFO | Epoch 114 | train_loss=0.2052 acc=0.9308 | val_loss=0.1364 acc=0.9569
2026-04-15 05:32:01 | mlp | INFO | Epoch 115 | train_loss=0.2104 acc=0.9297 | val_loss=0.1304 acc=0.9600
2026-04-15 05:32:02 | mlp | INFO | Epoch 116 | train_loss=0.2087 acc=0.9283 | val_loss=0.1368 acc=0.9550
2026-04-15 05:32:02 | mlp | INFO | Epoch 117 | train_loss=0.2077 acc=0.9307 | val_loss=0.1337 acc=0.9600
2026-04-15 05:32:03 | mlp | INFO | Epoch 118 | train_loss=0.2057 acc=0.9312 | val_loss=0.1345 acc=0.9587
2026-04-15 05:32:03 | mlp | INFO | Epoch 119 | train_loss=0.2057 acc=0.9289 | val_loss=0.1374 acc=0.9550
2026-04-15 05:32:04 | mlp | INFO | Epoch 120 | train_loss=0.2094 acc=0.9284 | val_loss=0.1369 acc=0.9600
2026-04-15 05:32:04 | mlp | INFO | Epoch 121 | train_loss=0.2062 acc=0.9290 | val_loss=0.1352 acc=0.9563
2026-04-15 05:32:05 | mlp | INFO | Epoch 122 | train_loss=0.1990 acc=0.9319 | val_loss=0.1271 acc=0.9613
2026-04-15 05:32:05 | mlp | INFO | Epoch 123 | train_loss=0.2028 acc=0.9292 | val_loss=0.1312 acc=0.9581
2026-04-15 05:32:06 | mlp | INFO | Epoch 124 | train_loss=0.2006 acc=0.9333 | val_loss=0.1294 acc=0.9606
2026-04-15 05:32:07 | mlp | INFO | Epoch 125 | train_loss=0.1982 acc=0.9322 | val_loss=0.1298 acc=0.9581
2026-04-15 05:32:07 | mlp | INFO | Epoch 126 | train_loss=0.1972 acc=0.9332 | val_loss=0.1362 acc=0.9556
2026-04-15 05:32:08 | mlp | INFO | Epoch 127 | train_loss=0.2069 acc=0.9317 | val_loss=0.1357 acc=0.9563
2026-04-15 05:32:08 | mlp | INFO | Epoch 128 | train_loss=0.2036 acc=0.9324 | val_loss=0.1316 acc=0.9575
2026-04-15 05:32:09 | mlp | INFO | Epoch 129 | train_loss=0.2041 acc=0.9331 | val_loss=0.1277 acc=0.9613
2026-04-15 05:32:09 | mlp | INFO | Epoch 130 | train_loss=0.2018 acc=0.9316 | val_loss=0.1365 acc=0.9556
2026-04-15 05:32:10 | mlp | INFO | Epoch 131 | train_loss=0.1957 acc=0.9333 | val_loss=0.1340 acc=0.9563
2026-04-15 05:32:10 | mlp | INFO | Epoch 132 | train_loss=0.2064 acc=0.9279 | val_loss=0.1330 acc=0.9556
2026-04-15 05:32:11 | mlp | INFO | Epoch 133 | train_loss=0.1984 acc=0.9294 | val_loss=0.1317 acc=0.9544
2026-04-15 05:32:11 | mlp | INFO | Epoch 134 | train_loss=0.1932 acc=0.9337 | val_loss=0.1285 acc=0.9587
2026-04-15 05:32:12 | mlp | INFO | Epoch 135 | train_loss=0.1982 acc=0.9330 | val_loss=0.1295 acc=0.9587
2026-04-15 05:32:13 | mlp | INFO | Epoch 136 | train_loss=0.1998 acc=0.9308 | val_loss=0.1321 acc=0.9563
2026-04-15 05:32:13 | mlp | INFO | Epoch 137 | train_loss=0.1996 acc=0.9302 | val_loss=0.1331 acc=0.9550
2026-04-15 05:32:13 | mlp | INFO | Early stopping at epoch 137 (no improvement for 15 epochs).
2026-04-15 05:32:13 | mlp | INFO | Training finished in 74.3s. Best epoch=122 val_loss=0.1271
2026-04-15 05:32:13 | mlp | INFO | Saved MLP artifacts to /users/adhp457/neco-letter-recognition/models
2026-04-15 05:32:13 | mlp | INFO | Held-out test accuracy: 0.9585 (n=4000 classes=26)
